// Jest Snapshot v1, https://goo.gl/fbAQLP

exports[`FactoryReset tests renders correctly 1`] = `
<Fragment>
  <Dialog
    onClose={[Function]}
    open={false}
  >
    <WithStyles(DialogTitle)>
      Confirm Factory Reset
    </WithStyles(DialogTitle)>
    <WithStyles(DialogContent)>
      <WithStyles(DialogContentText)>
        <b>
          Sure to perform reset?
        </b>
        <br />
        <br />
        This will remove all shift groups and return the foot switches to their factory defaults.
      </WithStyles(DialogContentText)>
    </WithStyles(DialogContent)>
    <WithStyles(DialogActions)>
      <WithStyles(Button)
        onClick={[Function]}
        tag="btnCancel"
      >
        Cancel
      </WithStyles(Button)>
      <WithStyles(Button)
        autoFocus={true}
        color="primary"
        onClick={[Function]}
        tag="btnOk"
        variant="contained"
      >
        Perform Reset
      </WithStyles(Button)>
    </WithStyles(DialogActions)>
  </Dialog>
  <Dialog
    open={false}
  >
    <WithStyles(DialogTitle)>
      Factory Reset In Progress
    </WithStyles(DialogTitle)>
    <WithStyles(DialogContent)>
      <WithStyles(DialogContentText)>
        Please wait...
      </WithStyles(DialogContentText)>
      <WithStyles(LinearProgress) />
    </WithStyles(DialogContent)>
  </Dialog>
</Fragment>
`;
