// Jest Snapshot v1, https://goo.gl/fbAQLP

exports[`GridHeader tests renders correctly 1`] = `
<div>
  <header>
    <section>
      <SortControls
        changeSort={[MockFunction]}
        field="SORT_BY_ALL"
        groupId={1}
        isInput={true}
        sortBy="SORT_BY_CHANNEL"
        sortDir={1}
        sortOn={0}
      >
        Input
      </SortControls>
    </section>
    <section>
      <SortControls
        changeSort={[MockFunction]}
        field="SORT_BY_ALL"
        groupId={1}
        isInput={false}
        sortBy="SORT_BY_CHANNEL"
        sortDir={1}
        sortOn={0}
      >
        Output
      </SortControls>
    </section>
  </header>
  <footer>
    <section>
      <div>
        <SortControls
          changeSort={[MockFunction]}
          field="SORT_BY_MESSAGE"
          groupId={1}
          isInput={true}
          sortBy="SORT_BY_CHANNEL"
          sortDir={1}
          sortOn={0}
        >
          Message
        </SortControls>
      </div>
      <div>
        <SortControls
          changeSort={[MockFunction]}
          field="SORT_BY_CHANNEL"
          groupId={1}
          isInput={true}
          sortBy="SORT_BY_CHANNEL"
          sortDir={1}
          sortOn={0}
        >
          Channel
        </SortControls>
      </div>
      <div>
        <SortControls
          changeSort={[MockFunction]}
          field="SORT_BY_VALUE"
          groupId={1}
          isInput={true}
          sortBy="SORT_BY_CHANNEL"
          sortDir={1}
          sortOn={0}
        >
          Value
        </SortControls>
      </div>
    </section>
    <section>
      <div>
        <SortControls
          changeSort={[MockFunction]}
          field="SORT_BY_MESSAGE"
          groupId={1}
          isInput={false}
          sortBy="SORT_BY_CHANNEL"
          sortDir={1}
          sortOn={0}
        >
          Message
        </SortControls>
      </div>
      <div>
        <SortControls
          changeSort={[MockFunction]}
          field="SORT_BY_CHANNEL"
          groupId={1}
          isInput={false}
          sortBy="SORT_BY_CHANNEL"
          sortDir={1}
          sortOn={0}
        >
          Channel
        </SortControls>
      </div>
      <div>
        <SortControls
          changeSort={[MockFunction]}
          field="SORT_BY_VALUE"
          groupId={1}
          isInput={false}
          sortBy="SORT_BY_CHANNEL"
          sortDir={1}
          sortOn={0}
        >
          Value
        </SortControls>
      </div>
    </section>
  </footer>
</div>
`;
