// Jest Snapshot v1, https://goo.gl/fbAQLP

exports[`UnsupportedBrowser tests renders correctly 1`] = `
<div>
  <div>
    <header>
      <a
        href="https://zendrumstudio.com"
      >
        zendrumstudio.com
      </a>
      <a
        href="https://zendrumstudio.com/contact-us/"
      >
        Contact Us
      </a>
    </header>
    <h1>
      Unsupported browser
    </h1>
    <p>
      This application makes use of bleeding edge web technologies in order to communicate with your ZDS Shifter over MIDI and USB.
    </p>
    <p>
      At this time, only these browsers support this emerging web technology.
    </p>
    <footer>
      <section>
        <a
          href="https://www.google.com/chrome/browser/"
        >
          <test-file-stub
            width="50%"
          />
        </a>
        <a
          href="https://www.google.com/chrome/browser/"
        >
          Google Chrome
        </a>
        <aside>
          Version 43+
        </aside>
      </section>
      <section>
        <a
          href="https://www.opera.com/download"
        >
          <test-file-stub
            viewBox="10 10 100 100"
            width="50%"
          />
        </a>
        <a
          href="https://www.opera.com/download"
        >
          Opera
        </a>
        <aside>
          Version 33+
        </aside>
      </section>
    </footer>
  </div>
</div>
`;
